// Jest Snapshot v1, https://goo.gl/fbAQLP

exports[`BasicTable matches do snapshot 1`] = `
<div class="box">
  <v-layout-stub row="" wrap="">
    <v-flex-stub xs12="" lg4="">
      <v-text-field-stub append-icon="mdi-magnify" label="Search ..." solo="" value=""></v-text-field-stub>
    </v-flex-stub>
    <v-flex-stub xs12="" lg4="">
      <v-select-stub items="ror,android" label="Group" clearable="" chips="" solo="" value=""></v-select-stub>
    </v-flex-stub>
    <v-flex-stub xs12="" lg4="">
      <status-select-stub items="fresh,accepted" label="Status" clearable="" solo="" value=""></status-select-stub>
    </v-flex-stub>
    <v-flex-stub xs12="">
      <v-data-table-stub headers="[object Object],[object Object],[object Object],[object Object],[object Object],[object Object],[object Object],[object Object],[object Object],[object Object]" items="" search="" footer-props="[object Object]"></v-data-table-stub>
    </v-flex-stub>
  </v-layout-stub>
</div>
`;
