// Jest Snapshot v1, https://goo.gl/fbAQLP

exports[`RecruitmentsSidebar matches do snapshot 1`] = `
<div class="sidebar sidebar--boxed">
  <div class="vcard">
    <div class="vcard__header">
      <h3 class="vcard__fullname"> </h3>
      <div class="vcard__socials">
        <v-btn-stub icon="" href="http://github.com" target="_blank">
          <v-icon-stub>mdi-github</v-icon-stub>
        </v-btn-stub>
        <v-btn-stub icon="" href="http://linkedin.com" target="_blank">
          <v-icon-stub>mdi-linkedin</v-icon-stub>
        </v-btn-stub>
      </div>
    </div>
    <div class="vcard__content">
      <div class="vcard__info vcard__info--editable">
        <div class="vcard__label">Status</div>
        <div class="vcard__input">
          <status-select-stub items="accepted,rejected" item-value="value" item-text="label" return-object="" filled="" dense="" value="[object Object]"></status-select-stub>
        </div>
      </div>
      <h4 class="vcard__subheader">Contact Information</h4>
      <div class="vcard__info">
        <div class="vcard__label">Phone Number</div>
        <div class="vcard__value"></div>
      </div>
      <div class="vcard__info">
        <div class="vcard__label">Email</div>
        <div class="vcard__value">e@domain.org</div>
      </div>
      <h4 class="vcard__subheader">Application Details</h4>
      <div class="vcard__info vcard__info--editable">
        <div class="vcard__label">Group</div>
        <div class="vcard__input">
          <v-combobox-stub items="Ruby,Android" rules="" disabled="true" filled="" dense="" value=""></v-combobox-stub>
        </div>
      </div>
      <div class="vcard__info vcard__info--editable">
        <div class="vcard__label">Position</div>
        <div class="vcard__input">
          <v-combobox-stub items="Junior,Senior" rules="" disabled="true" filled="" dense="" value=""></v-combobox-stub>
        </div>
      </div>
      <div class="vcard__info vcard__info--editable">
        <div class="vcard__label">Evaluator</div>
        <div class="vcard__input">
          <v-select-stub items="" disabled="true" item-value="id" item-text="fullname" filled="" dense=""></v-select-stub>
        </div>
      </div>
      <div class="vcard__info">
        <div class="vcard__label">Source</div>
        <div class="vcard__value"></div>
      </div>
      <div class="vcard__info">
        <div class="vcard__label">Received Date</div>
        <div class="vcard__value">2020-02-10 00:00</div>
      </div>
      <h4 class="vcard__subheader">Attachments ({n})</h4>
      <div class="vcard__list">
        <!---->
      </div>
    </div>
  </div>
</div>
`;
